
> bhabhi-thulla-server@1.0.0 dev
> ts-node-dev --respawn --transpile-only src/index.ts

[INFO] 01:04:10 ts-node-dev ver. 2.0.0 (using ts-node ver. 10.9.2, typescript ver. 5.9.3)
Bhabhi Thulla server running on :3001
[INFO] 01:15:13 Restarting: D:\Github Repo\Bhabhi-Thulla\rn-bhabhi\server\src\index.ts has been modified
Get Way Cards server running at http://localhost:3001
Health check: http://localhost:3001/health
[INFO] 01:44:28 Restarting: D:\Github Repo\Bhabhi-Thulla\rn-bhabhi\server\src\socket\GameSocketHandler.ts has been modified
Get Way Cards server running at http://localhost:3001
Health check: http://localhost:3001/health
[INFO] 01:46:33 Restarting: D:\Github Repo\Bhabhi-Thulla\rn-bhabhi\server\src\rooms\RoomManager.ts has been modified
Get Way Cards server running at http://localhost:3001
Health check: http://localhost:3001/health
[Socket] Connected: 2B0LqvJ1Qm38U8-ZAAAB
[INFO] 01:49:26 Restarting: D:\Github Repo\Bhabhi-Thulla\rn-bhabhi\server\src\socket\GameSocketHandler.ts has been modified
Get Way Cards server running at http://localhost:3001
Health check: http://localhost:3001/health
[Socket] Connected: 651Up2292f2zdSHUAAAB
[INFO] 01:58:58 Restarting: D:\Github Repo\Bhabhi-Thulla\rn-bhabhi\shared\engine\BhabhiEngine.ts has been modified
Get Way Cards server running at http://localhost:3001
Health check: http://localhost:3001/health
[Socket] Connected: GlgS9b1AZpAGq2NZAAAB
